[debug] [2026-05-18T15:04:09.598Z] ----------------------------------------------------------------------
[debug] [2026-05-18T15:04:09.600Z] Command:       C:\Program Files\nodejs\node.exe C:\Users\dmolina.JUS\AppData\Roaming\npm\node_modules\firebase-tools\lib\bin\firebase.js init functions
[debug] [2026-05-18T15:04:09.600Z] CLI Version:   15.18.0
[debug] [2026-05-18T15:04:09.600Z] Platform:      win32
[debug] [2026-05-18T15:04:09.600Z] Node Version:  v22.15.1
[debug] [2026-05-18T15:04:09.600Z] Time:          Mon May 18 2026 12:04:09 GMT-0300 (hora estándar de Argentina)
[debug] [2026-05-18T15:04:09.601Z] ----------------------------------------------------------------------
[debug] 
[debug] [2026-05-18T15:04:09.602Z] >>> [apiv2][query] GET https://firebase-public.firebaseio.com/cli.json [none]
[info] 
     ######## #### ########  ######## ########     ###     ######  ########
     ##        ##  ##     ## ##       ##     ##  ##   ##  ##       ##
     ######    ##  ########  ######   ########  #########  ######  ######
     ##        ##  ##    ##  ##       ##     ## ##     ##       ## ##
     ##       #### ##     ## ######## ########  ##     ##  ######  ########

You're about to initialize a Firebase project in this directory:

  D:\Proyectos\Canasta_Co\canastaco

[debug] [2026-05-18T15:04:11.090Z] *** [apiv2] error from fetch(https://firebase-public.firebaseio.com/cli.json, {"headers":{},"method":"GET"}): FetchError: request to https://firebase-public.firebaseio.com/cli.json failed, reason: self-signed certificate in certificate chain
[warn] !  Unable to fetch the CLI MOTD and remote config. This is not a fatal error, but may indicate an issue with your network connection. 
[debug] [2026-05-18T15:04:11.090Z] Failed to fetch MOTD FirebaseError: Failed to make request to https://firebase-public.firebaseio.com/cli.json
[info] 
=== Project Setup
[info] 
[info] First, let's associate this project directory with a Firebase project.
[info] You can create multiple project aliases by running firebase use --add, 
[info] 
[debug] [2026-05-18T15:05:02.698Z] > command requires scopes: ["email","openid","https://www.googleapis.com/auth/cloudplatformprojects.readonly","https://www.googleapis.com/auth/firebase","https://www.googleapis.com/auth/cloud-platform"]
[debug] [2026-05-18T15:05:02.698Z] > authorizing via signed-in user (dantemol@gmail.com)
[debug] [2026-05-18T15:05:02.699Z] Checked if tokens are valid: true, expires at: 1779120230006
[debug] [2026-05-18T15:05:02.699Z] Checked if tokens are valid: true, expires at: 1779120230006
[debug] [2026-05-18T15:05:02.699Z] >>> [apiv2][query] GET https://firebase.googleapis.com/v1beta1/projects pageSize=100
[debug] [2026-05-18T15:05:02.796Z] *** [apiv2] error from fetch(https://firebase.googleapis.com/v1beta1/projects?pageSize=100, {"headers":{},"method":"GET","signal":{"reason":""}}): FetchError: request to https://firebase.googleapis.com/v1beta1/projects?pageSize=100 failed, reason: self-signed certificate in certificate chain
[debug] [2026-05-18T15:05:02.796Z] Failed to make request to https://firebase.googleapis.com/v1beta1/projects?pageSize=100
[debug] [2026-05-18T15:05:02.879Z] FirebaseError: Failed to make request to https://firebase.googleapis.com/v1beta1/projects?pageSize=100
    at RetryOperation._fn (C:\Users\dmolina.JUS\AppData\Roaming\npm\node_modules\firebase-tools\lib\apiv2.js:282:31)
    at process.processTicksAndRejections (node:internal/process/task_queues:105:5)
[error] 
[error] Error: Failed to list Firebase projects. See firebase-debug.log for more info.
[debug] [2026-05-18T15:05:17.799Z] ----------------------------------------------------------------------
[debug] [2026-05-18T15:05:17.802Z] Command:       C:\Program Files\nodejs\node.exe C:\Users\dmolina.JUS\AppData\Roaming\npm\node_modules\firebase-tools\lib\bin\firebase.js projects:list
[debug] [2026-05-18T15:05:17.802Z] CLI Version:   15.18.0
[debug] [2026-05-18T15:05:17.802Z] Platform:      win32
[debug] [2026-05-18T15:05:17.802Z] Node Version:  v22.15.1
[debug] [2026-05-18T15:05:17.802Z] Time:          Mon May 18 2026 12:05:17 GMT-0300 (hora estándar de Argentina)
[debug] [2026-05-18T15:05:17.802Z] ----------------------------------------------------------------------
[debug] 
[debug] [2026-05-18T15:05:17.804Z] >>> [apiv2][query] GET https://firebase-public.firebaseio.com/cli.json [none]
[debug] [2026-05-18T15:05:17.840Z] > command requires scopes: ["email","openid","https://www.googleapis.com/auth/cloudplatformprojects.readonly","https://www.googleapis.com/auth/firebase","https://www.googleapis.com/auth/cloud-platform"]
[debug] [2026-05-18T15:05:17.841Z] > authorizing via signed-in user (dantemol@gmail.com)
[debug] [2026-05-18T15:05:17.844Z] Checked if tokens are valid: true, expires at: 1779120230006
[debug] [2026-05-18T15:05:17.844Z] Checked if tokens are valid: true, expires at: 1779120230006
[debug] [2026-05-18T15:05:17.844Z] >>> [apiv2][query] GET https://firebase.googleapis.com/v1beta1/projects pageSize=1000
[debug] [2026-05-18T15:05:17.925Z] *** [apiv2] error from fetch(https://firebase.googleapis.com/v1beta1/projects?pageSize=1000, {"headers":{},"method":"GET","signal":{"reason":""}}): FetchError: request to https://firebase.googleapis.com/v1beta1/projects?pageSize=1000 failed, reason: self-signed certificate in certificate chain
[debug] [2026-05-18T15:05:17.926Z] Failed to make request to https://firebase.googleapis.com/v1beta1/projects?pageSize=1000
[debug] [2026-05-18T15:05:17.997Z] FirebaseError: Failed to make request to https://firebase.googleapis.com/v1beta1/projects?pageSize=1000
    at RetryOperation._fn (C:\Users\dmolina.JUS\AppData\Roaming\npm\node_modules\firebase-tools\lib\apiv2.js:282:31)
    at process.processTicksAndRejections (node:internal/process/task_queues:105:5)
[error] 
[error] Error: Failed to list Firebase projects. See firebase-debug.log for more info.
[debug] [2026-05-18T15:05:18.111Z] *** [apiv2] error from fetch(https://firebase-public.firebaseio.com/cli.json, {"headers":{},"method":"GET"}): FetchError: request to https://firebase-public.firebaseio.com/cli.json failed, reason: self-signed certificate in certificate chain
[warn] !  Unable to fetch the CLI MOTD and remote config. This is not a fatal error, but may indicate an issue with your network connection. 
[debug] [2026-05-18T15:05:18.112Z] Failed to fetch MOTD FirebaseError: Failed to make request to https://firebase-public.firebaseio.com/cli.json
